../Core/Src/main.c:69:7:Altitude2Velocity	24	static
../Core/Src/main.c:85:7:CalculateAltitude	32	static
../Core/Src/main.c:93:6:DeployDrogueParachute	4	static
../Core/Src/main.c:98:6:DeployMainParachute	4	static
../Core/Src/main.c:103:6:DetermineGroundPressure	32	static
../Core/Src/main.c:118:6:UpdateSensorData	16	static
../Core/Src/main.c:153:5:main	8	static
../Core/Src/main.c:262:6:SystemClock_Config	88	static
../Core/Src/main.c:304:13:MX_I2C1_Init	8	static
../Core/Src/main.c:338:13:MX_TIM6_Init	16	static
../Core/Src/main.c:376:13:MX_USART2_UART_Init	8	static
../Core/Src/main.c:409:13:MX_GPIO_Init	24	static
../Core/Src/main.c:433:6:Error_Handler	4	static,ignoring_inline_asm
